// 重构日志: 4fd99adb
// 重构日志: 4ddfc3be
// 重构日志: 571fbd49
// 重构日志: d3bacf4b
// 同步 ID: 95daf623 @ Tue Jul 28 16:26:23 UTC 2026
// 同步 ID: c48b5d08 @ Wed Jul 29 01:27:44 UTC 2026
// 同步 ID: 3b233ffd @ Wed Jul 29 08:12:29 UTC 2026
// 同步 ID: 9a387e10 @ Thu Jul 30 01:59:46 UTC 2026
// 同步 ID: 868738ab @ Thu Jul 30 08:06:38 UTC 2026
// 同步 ID: 36882dd3 @ Thu Jul 30 22:17:16 UTC 2026
// 重构日志: 19afe2d8
// 同步 ID: 65e639ad @ Sat Aug  1 18:36:08 UTC 2026
// 重构日志: 10bcae9c
// 重构日志: caa6986e
// 重构日志: 3aa45a4d
// 重构日志: 93ff1d8a
// 重构日志: 2c83bf3d
// 重构日志: 693ddc34
// 同步 ID: eef02a9d @ Tue Aug  4 10:33:09 UTC 2026
// 重构日志: ad631108
// 重构日志: b3b02354
// 重构日志: 9fa15454
// 同步 ID: f916ab47 @ Thu Aug  6 01:26:37 UTC 2026
// 重构日志: ef9d95d2
// 重构日志: be125e22
// 同步 ID: 84a909f9 @ Fri Aug  7 14:24:43 UTC 2026
// 同步 ID: 5308e6e2 @ Fri Aug  7 19:29:37 UTC 2026
// 重构日志: 03e14e6e
// 重构日志: d2d0a514
// 同步 ID: a451cb3a @ Sat Aug  8 08:32:36 UTC 2026
// 重构日志: 735e162c
// 重构日志: 2422a50c
